<html>
<body>
<pre>
<h1>礦ision Build Log</h1>
<h2>Tool Versions:</h2>
IDE-Version: μVision V5.23.0.0
Copyright (C) 2017 ARM Ltd and ARM Germany GmbH. All rights reserved.
License Information: Yang Songtao, HHU, LIC=9N0UH-WEGRG-32TL5-GE19U-DGA9Y-797VI
 
Tool Versions:
Toolchain:       MDK-ARM Professional  Version: 5.23
Toolchain Path:  C:\Keil_v5\ARM\ARMCC\Bin
C Compiler:      Armcc.exe V5.06 update 4 (build 422)
Assembler:       Armasm.exe V5.06 update 4 (build 422)
Linker/Locator:  ArmLink.exe V5.06 update 4 (build 422)
Library Manager: ArmAr.exe V5.06 update 4 (build 422)
Hex Converter:   FromElf.exe V5.06 update 4 (build 422)
CPU DLL:         SARMCM3.DLL V5.23
Dialog DLL:      DARMSTM.DLL V1.68.0.0
Target DLL:      coocox-agdi.dll V???
Dialog DLL:      TARMSTM.DLL V1.66.0.0
 
<h2>Project:</h2>
D:\WorkSpace\LanQiao_Embeded\历年题目\第七届\CT117E-LCD\Project\CT117E-LCD.uvproj
Project File Date:  05/18/2016

<h2>Output:</h2>
*** Using Compiler 'V5.06 update 4 (build 422)', folder: 'C:\Keil_v5\ARM\ARMCC\Bin'
Rebuild target 'Target 1'
assembling startup_stm32f10x_md.s...
compiling core_cm3.c...
compiling misc.c...
compiling stm32f10x_adc.c...
compiling stm32f10x_bkp.c...
compiling stm32f10x_gpio.c...
compiling stm32f10x_rcc.c...
compiling system_stm32f10x.c...
compiling stm32f10x_can.c...
compiling stm32f10x_crc.c...
compiling stm32f10x_dbgmcu.c...
compiling stm32f10x_dac.c...
compiling stm32f10x_exti.c...
compiling stm32f10x_dma.c...
compiling stm32f10x_cec.c...
compiling stm32f10x_flash.c...
compiling stm32f10x_rtc.c...
compiling stm32f10x_pwr.c...
compiling stm32f10x_iwdg.c...
compiling stm32f10x_fsmc.c...
compiling stm32f10x_i2c.c...
compiling stm32f10x_sdio.c...
compiling stm32f10x_spi.c...
compiling stm32f10x_it.c...
compiling stm32f10x_wwdg.c...
compiling main.c...
..\Sre\main.c(237): warning:  #167-D: argument of type "u8 *" is incompatible with parameter of type "char *restrict"
  	sprintf(str," ADC: %0.2fV       ",adc_f);
..\Sre\main.c(242): warning:  #167-D: argument of type "u8 *" is incompatible with parameter of type "char *restrict"
  		sprintf(str," Output:  ON      ");
..\Sre\main.c(247): warning:  #167-D: argument of type "u8 *" is incompatible with parameter of type "char *restrict"
  		sprintf(str," Output:  OFF    ");
..\Sre\main.c(251): warning:  #167-D: argument of type "u8 *" is incompatible with parameter of type "char *restrict"
  	sprintf(str,"Phase diff: %d(deg)  ",deg);
..\Sre\main.c(254): warning:  #167-D: argument of type "u8 *" is incompatible with parameter of type "char *restrict"
  	sprintf(str,"Frequency: %dKHz  ",Frequency);
..\Sre\main.c(261): warning:  #167-D: argument of type "u8 *" is incompatible with parameter of type "char *restrict"
  	sprintf(str,"     Setting  ",deg);
..\Sre\main.c(261): warning:  #225-D: the format string ends before this argument
  	sprintf(str,"     Setting  ",deg);
..\Sre\main.c(264): warning:  #167-D: argument of type "u8 *" is incompatible with parameter of type "char *restrict"
  	sprintf(str,"  Frequency: %dKHz  ",Frequency);
..\Sre\main.c: 8 warnings, 0 errors
compiling stm32f10x_usart.c...
compiling lcd.c...
compiling stm32f10x_tim.c...
compiling io.c...
compiling i2c.c...
linking...
Program Size: Code=16752 RO-data=4828 RW-data=96 ZI-data=1056  
FromELF: creating hex file...
"..\Output\CT117E-LCD.axf" - 0 Error(s), 8 Warning(s).
Build Time Elapsed:  00:00:08
</pre>
</body>
</html>
