<html>
<body>
<pre>
<h1>µVision Build Log</h1>
<h2>Tool Versions:</h2>
IDE-Version: ¦ÌVision V5.23.0.0
Copyright (C) 2017 ARM Ltd and ARM Germany GmbH. All rights reserved.
License Information: Yang Songtao, HHU, LIC=9N0UH-WEGRG-32TL5-GE19U-DGA9Y-797VI
 
Tool Versions:
Toolchain:       MDK-ARM Professional  Version: 5.23
Toolchain Path:  C:\Keil_v5\ARM\ARMCC\Bin
C Compiler:      Armcc.exe V5.06 update 4 (build 422)
Assembler:       Armasm.exe V5.06 update 4 (build 422)
Linker/Locator:  ArmLink.exe V5.06 update 4 (build 422)
Library Manager: ArmAr.exe V5.06 update 4 (build 422)
Hex Converter:   FromElf.exe V5.06 update 4 (build 422)
CPU DLL:         SARMCM3.DLL V5.23
Dialog DLL:      DARMSTM.DLL V1.68.0.0
Target DLL:      coocox-agdi.dll V???
Dialog DLL:      TARMSTM.DLL V1.66.0.0
 
<h2>Project:</h2>
D:\WorkSpace\LanQiao_Embeded\CT117E-LCD0508\Project\CT117E-LCD.uvproj
Project File Date:  05/10/2018

<h2>Output:</h2>
*** Using Compiler 'V5.06 update 4 (build 422)', folder: 'C:\Keil_v5\ARM\ARMCC\Bin'
Build target 'Target 1'
compiling bsp.c...
..\Sre\bsp.c(50): warning:  #1-D: last line of file ends without a newline
  }
..\Sre\bsp.c(31): warning:  #177-D: variable "temp"  was declared but never referenced
  	uint8_t	temp;
..\Sre\bsp.c: 2 warnings, 0 errors
linking...
Program Size: Code=5506 RO-data=4830 RW-data=72 ZI-data=1632  
FromELF: creating hex file...
"..\Output\CT117E-LCD.axf" - 0 Error(s), 2 Warning(s).
Build Time Elapsed:  00:00:02
</pre>
</body>
</html>
