<html>
<body>
<pre>
<h1>礦ision Build Log</h1>
<h2>Tool Versions:</h2>
IDE-Version: μVision V5.23.0.0
Copyright (C) 2017 ARM Ltd and ARM Germany GmbH. All rights reserved.
License Information: Yang Songtao, HHU, LIC=9N0UH-WEGRG-32TL5-GE19U-DGA9Y-797VI
 
Tool Versions:
Toolchain:       MDK-ARM Professional  Version: 5.23
Toolchain Path:  C:\Keil_v5\ARM\ARMCC\Bin
C Compiler:      Armcc.exe V5.06 update 4 (build 422)
Assembler:       Armasm.exe V5.06 update 4 (build 422)
Linker/Locator:  ArmLink.exe V5.06 update 4 (build 422)
Library Manager: ArmAr.exe V5.06 update 4 (build 422)
Hex Converter:   FromElf.exe V5.06 update 4 (build 422)
CPU DLL:         SARMCM3.DLL V5.23
Dialog DLL:      DARMSTM.DLL V1.68.0.0
Target DLL:      coocox-agdi.dll V???
Dialog DLL:      TARMSTM.DLL V1.66.0.0
 
<h2>Project:</h2>
D:\WorkSpace\LanQiao_Embeded\我的答案\第八届初赛题\CT117E-LCD\Project\CT117E-LCD.uvproj
Project File Date:  03/19/2018

<h2>Output:</h2>
*** Using Compiler 'V5.06 update 4 (build 422)', folder: 'C:\Keil_v5\ARM\ARMCC\Bin'
Build target 'Target 1'
compiling hw.c...
..\Inc\hw.h(89): warning:  #1-D: last line of file ends without a newline
  #endif
..\Sre\hw.c(27): warning:  #223-D: function "Delay_Ms" declared implicitly
  	Delay_Ms(1000);
..\Sre\hw.c: 2 warnings, 0 errors
linking...
Program Size: Code=9700 RO-data=4848 RW-data=100 ZI-data=1644  
FromELF: creating hex file...
"..\Output\CT117E-LCD.axf" - 0 Error(s), 2 Warning(s).
Build Time Elapsed:  00:00:01
</pre>
</body>
</html>
